// Jest Snapshot v1, https://goo.gl/fbAQLP

exports[`no-events renders 1`] = `
<NoEvents
  className=""
/>
`;
